// Jest Snapshot v1, https://goo.gl/fbAQLP

exports[`manager Test confirmation with generic options 1`] = `
<div
  class="v-dialog__container"
  role="dialog"
>
  <div
    class="v-dialog__content v-dialog__content--active"
    role="document"
    style="z-index: 202; z-index: 202;"
    tabindex="0"
  >
    <div
      class="v-dialog vuedl-layout v-dialog--active dialog-transition-enter dialog-transition-enter-active"
      style="max-width: 450px;"
    >
      <div
        class="vuedl-layout__closeBtn"
      >
        Ã—
      </div>
       
      <div
        class="v-card v-sheet v-sheet--tile theme--light"
      >
        <!---->
         
        <div
          class="v-card__title"
        >
          <h3
            class="headline mb-0"
          >
            Title
          </h3>
        </div>
         
        <div
          class="v-card__text body-1 py-2"
        >
          Test confirmation with generic options
        </div>
         
        <div
          class="v-card__actions"
        >
          <div
            class="spacer"
          />
           
          <div
            class="DialogActions"
          >
            <button
              action-key="Foo"
              class="v-btn v-btn--flat v-btn--text theme--light v-size--default"
              type="button"
            >
              <span
                class="v-btn__content"
              >
                <!---->
                
  Foo
  
                <!---->
              </span>
            </button>
            <button
              action-key="Bar"
              class="v-btn v-btn--flat v-btn--text theme--light v-size--default"
              type="button"
            >
              <span
                class="v-btn__content"
              >
                <!---->
                
  Bar
  
                <!---->
              </span>
            </button>
            <button
              action-key="Baz"
              class="v-btn v-btn--flat v-btn--text theme--light v-size--default"
              type="button"
            >
              <span
                class="v-btn__content"
              >
                <!---->
                
  Baz
  
                <!---->
              </span>
            </button>
          </div>
        </div>
      </div>
    </div>
  </div>
</div>
`;
