// Jest Snapshot v1, https://goo.gl/fbAQLP

exports[`manager Prompt confirm 1`] = `
<div
  class="v-dialog__container"
  role="dialog"
/>
`;

exports[`manager Test default prompt 1`] = `
<div
  class="v-dialog__container"
  role="dialog"
/>
`;
